---
source: backend_llvm/src/ir_to_llvm.rs
expression: llvm_ir
---
; ModuleID = 'test'
source_filename = "test"

define i64 @test(i1 %condition) {
bb0:
  %result = alloca i64, align 8
  store i64 0, ptr %result, align 4
  br i1 %condition, label %bb2, label %bb1

bb2:                                              ; preds = %bb0
  store i64 42, ptr %result, align 4
  br label %bb1

bb1:                                              ; preds = %bb2, %bb0
  %load_7 = load i64, ptr %result, align 4
  ret i64 %load_7
}
